I'm sorry, but errors were detected in your script. Please correct the
errors listed below, and try again.


File "game/script.rpy", line 347: Line is indented, but the preceding show statement statement does not expect a block. Please check this line's indentation. You may have forgotten a colon (:).
    xalign 0.0
    ^

File "game/script.rpy", line 351: Line is indented, but the preceding show statement statement does not expect a block. Please check this line's indentation. You may have forgotten a colon (:).
    xalign 1.0
    ^

Ren'Py Version: Ren'Py 8.1.3.23091805
Wed Dec 20 23:09:55 2023
